0
1
3
6
2
4
7
5
8
9
80
81
84
82
85
87
83
86
88
89
0
1
4
10
2
5
11
6
12
13
3
7
14
8
15
16
9
17
18
19
880
881
882
890
883
884
891
885
892
896
886
887
893
888
894
897
889
895
898
899
0
1
5
15
2
6
16
7
17
18
3
8
19
9
20
21
10
22
23
24
4
11
25
12
26
27
13
28
29
30
14
31
32
33
34
8965
8966
8967
8968
8985
8969
8970
8971
8986
8972
8973
8987
8974
8988
8995
8975
8976
8977
8989
8978
8979
8990
8980
8991
8996
8981
8982
8992
8983
8993
8997
8984
8994
8998
8999
